src/app/admin/(protected)/dashboard/page.tsx(13,43): error TS2339: Property 'visible' does not exist on type 'never'.
src/app/admin/(protected)/dashboard/page.tsx(14,44): error TS2339: Property 'featured' does not exist on type 'never'.
src/app/admin/(protected)/dashboard/page.tsx(15,57): error TS2339: Property 'stars' does not exist on type 'never'.
src/app/admin/(protected)/dashboard/page.tsx(102,46): error TS2339: Property 'id' does not exist on type 'never'.
src/app/admin/(protected)/dashboard/page.tsx(106,76): error TS2339: Property 'title' does not exist on type 'never'.
src/app/admin/(protected)/dashboard/page.tsx(106,93): error TS2339: Property 'repo_name' does not exist on type 'never'.
src/app/admin/(protected)/dashboard/page.tsx(108,50): error TS2339: Property 'description' does not exist on type 'never'.
src/app/admin/(protected)/dashboard/page.tsx(112,46): error TS2339: Property 'featured' does not exist on type 'never'.
src/app/admin/(protected)/dashboard/page.tsx(117,47): error TS2339: Property 'visible' does not exist on type 'never'.
src/app/admin/(protected)/dashboard/page.tsx(122,81): error TS2339: Property 'id' does not exist on type 'never'.
src/app/admin/(protected)/projects/create/page.tsx(42,63): error TS2769: No overload matches this call.
  Overload 1 of 2, '(values: never, options?: { count?: "exact" | "planned" | "estimated" | undefined; } | undefined): PostgrestFilterBuilder<{ PostgrestVersion: "12"; }, never, never, null, "projects", never, "POST">', gave the following error.
    Argument of type '{ repo_name: string; title: string | null; description: string | null; github_url: string; live_url: string | null; language: string | null; topics: string[] | null; featured: boolean; visible: boolean; stars: number; forks: number; order_index: number; }' is not assignable to parameter of type 'never'.
  Overload 2 of 2, '(values: never[], options?: { count?: "exact" | "planned" | "estimated" | undefined; defaultToNull?: boolean | undefined; } | undefined): PostgrestFilterBuilder<{ PostgrestVersion: "12"; }, never, never, null, "projects", never, "POST">', gave the following error.
    Object literal may only specify known properties, and 'repo_name' does not exist in type 'never[]'.
src/app/admin/(protected)/projects/edit/[id]/page.tsx(64,40): error TS2339: Property 'title' does not exist on type 'never'.
src/app/admin/(protected)/projects/edit/[id]/page.tsx(65,46): error TS2339: Property 'description' does not exist on type 'never'.
src/app/admin/(protected)/projects/edit/[id]/page.tsx(66,43): error TS2339: Property 'live_url' does not exist on type 'never'.
src/app/admin/(protected)/projects/edit/[id]/page.tsx(67,43): error TS2339: Property 'language' does not exist on type 'never'.
src/app/admin/(protected)/projects/edit/[id]/page.tsx(68,41): error TS2339: Property 'topics' does not exist on type 'never'.
src/app/admin/(protected)/projects/edit/[id]/page.tsx(69,43): error TS2339: Property 'featured' does not exist on type 'never'.
src/app/admin/(protected)/projects/edit/[id]/page.tsx(70,42): error TS2339: Property 'visible' does not exist on type 'never'.
src/app/admin/(protected)/projects/edit/[id]/page.tsx(92,25): error TS2345: Argument of type '{ title: string | null; description: string | null; live_url: string | null; language: string | null; topics: string[] | null; featured: boolean; visible: boolean; updated_at: string; }' is not assignable to parameter of type 'never'.
src/components/admin/MediaUploader.tsx(50,22): error TS2769: No overload matches this call.
  Overload 1 of 2, '(values: never, options?: { count?: "exact" | "planned" | "estimated" | undefined; } | undefined): PostgrestFilterBuilder<{ PostgrestVersion: "12"; }, never, never, null, "project_media", never, "POST">', gave the following error.
    Argument of type '{ project_id: string; type: string; url: string; order_index: number; }' is not assignable to parameter of type 'never'.
  Overload 2 of 2, '(values: never[], options?: { count?: "exact" | "planned" | "estimated" | undefined; defaultToNull?: boolean | undefined; } | undefined): PostgrestFilterBuilder<{ PostgrestVersion: "12"; }, never, never, null, "project_media", never, "POST">', gave the following error.
    Object literal may only specify known properties, and 'project_id' does not exist in type 'never[]'.
src/components/admin/ProjectsTable.tsx(204,25): error TS2769: No overload matches this call.
  Overload 1 of 2, '(values: never, options?: { onConflict?: string | undefined; ignoreDuplicates?: boolean | undefined; count?: "exact" | "planned" | "estimated" | undefined; } | undefined): PostgrestFilterBuilder<{ ...; }, ... 5 more ..., "POST">', gave the following error.
    Argument of type '{ id: string; order_index: number; repo_name: string; github_url: string; }[]' is not assignable to parameter of type 'never'.
  Overload 2 of 2, '(values: never[], options?: { onConflict?: string | undefined; ignoreDuplicates?: boolean | undefined; count?: "exact" | "planned" | "estimated" | undefined; defaultToNull?: boolean | undefined; } | undefined): PostgrestFilterBuilder<...>', gave the following error.
    Argument of type '{ id: string; order_index: number; repo_name: string; github_url: string; }[]' is not assignable to parameter of type 'never[]'.
      Type '{ id: string; order_index: number; repo_name: string; github_url: string; }' is not assignable to type 'never'.
src/components/admin/ProjectsTable.tsx(219,25): error TS2345: Argument of type '{ visible: boolean; }' is not assignable to parameter of type 'never'.
src/components/admin/ProjectsTable.tsx(239,25): error TS2345: Argument of type '{ featured: boolean; }' is not assignable to parameter of type 'never'.
src/lib/sync.ts(32,45): error TS2339: Property 'repo_name' does not exist on type 'never'.
src/lib/sync.ts(66,21): error TS2769: No overload matches this call.
  Overload 1 of 2, '(values: never, options?: { onConflict?: string | undefined; ignoreDuplicates?: boolean | undefined; count?: "exact" | "planned" | "estimated" | undefined; } | undefined): PostgrestFilterBuilder<{ ...; }, ... 5 more ..., "POST">', gave the following error.
    Argument of type '{ id?: string | undefined; repo_name: string; title?: string | null | undefined; description?: string | null | undefined; github_url: string; live_url?: string | null | undefined; featured?: boolean | undefined; ... 7 more ...; updated_at?: string | undefined; }[]' is not assignable to parameter of type 'never'.
  Overload 2 of 2, '(values: never[], options?: { onConflict?: string | undefined; ignoreDuplicates?: boolean | undefined; count?: "exact" | "planned" | "estimated" | undefined; defaultToNull?: boolean | undefined; } | undefined): PostgrestFilterBuilder<...>', gave the following error.
    Argument of type '{ id?: string | undefined; repo_name: string; title?: string | null | undefined; description?: string | null | undefined; github_url: string; live_url?: string | null | undefined; featured?: boolean | undefined; ... 7 more ...; updated_at?: string | undefined; }[]' is not assignable to parameter of type 'never[]'.
      Type '{ id?: string | undefined; repo_name: string; title?: string | null | undefined; description?: string | null | undefined; github_url: string; live_url?: string | null | undefined; featured?: boolean | undefined; ... 7 more ...; updated_at?: string | undefined; }' is not assignable to type 'never'.
